d:\c-all-projects\build\_deps\cpr-build\cpr\cpr.dir\debug\vc143.pdb
d:\c-all-projects\build\_deps\cpr-build\cpr\cpr.dir\debug\timeout.obj
d:\c-all-projects\build\_deps\cpr-build\cpr\cpr.dir\debug\threadpool.obj
d:\c-all-projects\build\_deps\cpr-build\cpr\cpr.dir\debug\session.obj
d:\c-all-projects\build\_deps\cpr-build\cpr\cpr.dir\debug\proxyauth.obj
d:\c-all-projects\build\_deps\cpr-build\cpr\cpr.dir\debug\proxies.obj
d:\c-all-projects\build\_deps\cpr-build\cpr\cpr.dir\debug\payload.obj
d:\c-all-projects\build\_deps\cpr-build\cpr\cpr.dir\debug\parameters.obj
d:\c-all-projects\build\_deps\cpr-build\cpr\cpr.dir\debug\multipart.obj
d:\c-all-projects\build\_deps\cpr-build\cpr\cpr.dir\debug\file.obj
d:\c-all-projects\build\_deps\cpr-build\cpr\cpr.dir\debug\error.obj
d:\c-all-projects\build\_deps\cpr-build\cpr\cpr.dir\debug\curlholder.obj
d:\c-all-projects\build\_deps\cpr-build\cpr\cpr.dir\debug\curl_container.obj
d:\c-all-projects\build\_deps\cpr-build\cpr\cpr.dir\debug\cprtypes.obj
d:\c-all-projects\build\_deps\cpr-build\cpr\cpr.dir\debug\cookies.obj
d:\c-all-projects\build\_deps\cpr-build\cpr\cpr.dir\debug\cert_info.obj
d:\c-all-projects\build\_deps\cpr-build\cpr\cpr.dir\debug\callback.obj
d:\c-all-projects\build\_deps\cpr-build\cpr\cpr.dir\debug\bearer.obj
d:\c-all-projects\build\_deps\cpr-build\cpr\cpr.dir\debug\auth.obj
d:\c-all-projects\build\_deps\cpr-build\cpr\cpr.dir\debug\async.obj
d:\c-all-projects\build\_deps\cpr-build\cpr\cpr.dir\debug\accept_encoding.obj
d:\c-all-projects\build\_deps\cpr-build\cpr\cpr.dir\debug\multiperform.obj
d:\c-all-projects\build\_deps\cpr-build\cpr\cpr.dir\debug\curlmultiholder.obj
d:\c-all-projects\build\_deps\cpr-build\cpr\cpr.dir\debug\ssl_ctx.obj
d:\c-all-projects\build\_deps\cpr-build\cpr\cpr.dir\debug\interceptor.obj
d:\c-all-projects\build\_deps\cpr-build\cpr\cpr.dir\debug\redirect.obj
d:\c-all-projects\build\_deps\cpr-build\cpr\cpr.dir\debug\response.obj
d:\c-all-projects\build\_deps\cpr-build\cpr\cpr.dir\debug\util.obj
d:\c-all-projects\build\_deps\cpr-build\cpr\cpr.dir\debug\unix_socket.obj
d:\c-all-projects\build\_deps\cpr-build\cpr\cmakefiles\generate.stamp
d:\c-all-projects\build\_deps\cpr-build\cpr\debug\cpr.lib
d:\c-all-projects\build\_deps\cpr-build\cpr\debug\cpr.exp
d:\c-all-projects\build\debug\cpr.dll
d:\c-all-projects\build\_deps\cpr-build\cpr\cpr.dir\debug\cpr.ilk
d:\c-all-projects\build\debug\cpr.pdb
d:\c-all-projects\build\_deps\cpr-build\cpr\cpr.dir\debug\cpr.tlog\cl.command.1.tlog
d:\c-all-projects\build\_deps\cpr-build\cpr\cpr.dir\debug\cpr.tlog\cl.items.tlog
d:\c-all-projects\build\_deps\cpr-build\cpr\cpr.dir\debug\cpr.tlog\cl.read.1.tlog
d:\c-all-projects\build\_deps\cpr-build\cpr\cpr.dir\debug\cpr.tlog\cl.write.1.tlog
d:\c-all-projects\build\_deps\cpr-build\cpr\cpr.dir\debug\cpr.tlog\custombuild.command.1.tlog
d:\c-all-projects\build\_deps\cpr-build\cpr\cpr.dir\debug\cpr.tlog\custombuild.read.1.tlog
d:\c-all-projects\build\_deps\cpr-build\cpr\cpr.dir\debug\cpr.tlog\custombuild.write.1.tlog
d:\c-all-projects\build\_deps\cpr-build\cpr\cpr.dir\debug\cpr.tlog\link.command.1.tlog
d:\c-all-projects\build\_deps\cpr-build\cpr\cpr.dir\debug\cpr.tlog\link.read.1.tlog
d:\c-all-projects\build\_deps\cpr-build\cpr\cpr.dir\debug\cpr.tlog\link.write.1.tlog
d:\c-all-projects\build\_deps\cpr-build\cpr\cpr.dir\debug\cpr.tlog\link.write.2u.tlog
