d:\c-all-projects\build\_deps\curl-build\lib\libcurl.dir\debug\amigaos.obj
d:\c-all-projects\build\_deps\curl-build\lib\libcurl.dir\debug\dynbuf.obj
d:\c-all-projects\build\_deps\curl-build\lib\libcurl.dir\debug\hostip6.obj
d:\c-all-projects\build\_deps\curl-build\lib\libcurl.dir\debug\md5.obj
d:\c-all-projects\build\_deps\curl-build\lib\libcurl.dir\debug\sha256.obj
d:\c-all-projects\build\_deps\curl-build\lib\libcurl.dir\debug\tftp.obj
d:\c-all-projects\build\_deps\curl-build\lib\libcurl.dir\debug\ntlm_sspi.obj
d:\c-all-projects\build\_deps\curl-build\lib\libcurl.dir\debug\ngtcp2.obj
d:\c-all-projects\build\_deps\curl-build\lib\libcurl.dir\debug\curl_endian.obj
d:\c-all-projects\build\_deps\curl-build\lib\libcurl.dir\debug\doh.obj
d:\c-all-projects\build\_deps\curl-build\lib\libcurl.dir\debug\http.obj
d:\c-all-projects\build\_deps\curl-build\lib\libcurl.dir\debug\openldap.obj
d:\c-all-projects\build\_deps\curl-build\lib\libcurl.dir\debug\socks.obj
d:\c-all-projects\build\_deps\curl-build\lib\libcurl.dir\debug\wildcard.obj
d:\c-all-projects\build\_deps\curl-build\lib\libcurl.dir\debug\mbedtls_threadlock.obj
d:\c-all-projects\build\_deps\curl-build\lib\libcurl.dir\debug\curl_gssapi.obj
d:\c-all-projects\build\_deps\curl-build\lib\libcurl.dir\debug\dotdot.obj
d:\c-all-projects\build\_deps\curl-build\lib\libcurl.dir\debug\hmac.obj
d:\c-all-projects\build\_deps\curl-build\lib\libcurl.dir\debug\if2ip.obj
d:\c-all-projects\build\_deps\curl-build\lib\libcurl.dir\debug\parsedate.obj
d:\c-all-projects\build\_deps\curl-build\lib\libcurl.dir\debug\socks_gssapi.obj
d:\c-all-projects\build\_deps\curl-build\lib\libcurl.dir\debug\x509asn1.obj
d:\c-all-projects\build\_deps\curl-build\lib\libcurl.dir\debug\vquic.obj
d:\c-all-projects\build\_deps\curl-build\lib\libcurl.dir\debug\curl_des.obj
d:\c-all-projects\build\_deps\curl-build\lib\libcurl.dir\debug\curl_threads.obj
d:\c-all-projects\build\_deps\curl-build\lib\libcurl.dir\debug\gopher.obj
d:\c-all-projects\build\_deps\curl-build\lib\libcurl.dir\debug\idn_win32.obj
d:\c-all-projects\build\_deps\curl-build\lib\libcurl.dir\debug\nonblock.obj
d:\c-all-projects\build\_deps\curl-build\lib\libcurl.dir\debug\splay.obj
d:\c-all-projects\build\_deps\curl-build\lib\libcurl.dir\debug\cram.obj
d:\c-all-projects\build\_deps\curl-build\lib\libcurl.dir\debug\openssl.obj
d:\c-all-projects\build\_deps\curl-build\lib\libcurl.dir\debug\c-hyper.obj
d:\c-all-projects\build\_deps\curl-build\lib\libcurl.dir\debug\curl_sasl.obj
d:\c-all-projects\build\_deps\curl-build\lib\libcurl.dir\debug\hostip.obj
d:\c-all-projects\build\_deps\curl-build\lib\libcurl.dir\debug\non-ascii.obj
d:\c-all-projects\build\_deps\curl-build\lib\libcurl.dir\debug\share.obj
d:\c-all-projects\build\_deps\curl-build\lib\libcurl.dir\debug\krb5_gssapi.obj
d:\c-all-projects\build\_deps\curl-build\lib\libcurl.dir\debug\rustls.obj
d:\c-all-projects\build\_deps\curl-build\lib\libcurl.dir\debug\asyn-thread.obj
d:\c-all-projects\build\_deps\curl-build\lib\libcurl.dir\debug\dict.obj
d:\c-all-projects\build\_deps\curl-build\lib\libcurl.dir\debug\hostcheck.obj
d:\c-all-projects\build\_deps\curl-build\lib\libcurl.dir\debug\krb5.obj
d:\c-all-projects\build\_deps\curl-build\lib\libcurl.dir\debug\rtsp.obj
d:\c-all-projects\build\_deps\curl-build\lib\libcurl.dir\debug\strtok.obj
d:\c-all-projects\build\_deps\curl-build\lib\libcurl.dir\debug\cleartext.obj
d:\c-all-projects\build\_deps\curl-build\lib\libcurl.dir\debug\gskit.obj
d:\c-all-projects\build\_deps\curl-build\lib\libcurl.dir\debug\libssh2.obj
d:\c-all-projects\build\_deps\curl-build\lib\libcurl.dir\debug\connect.obj
d:\c-all-projects\build\_deps\curl-build\lib\libcurl.dir\debug\fileinfo.obj
d:\c-all-projects\build\_deps\curl-build\lib\libcurl.dir\debug\http_chunks.obj
d:\c-all-projects\build\_deps\curl-build\lib\libcurl.dir\debug\mprintf.obj
d:\c-all-projects\build\_deps\curl-build\lib\libcurl.dir\debug\smtp.obj
d:\c-all-projects\build\_deps\curl-build\lib\libcurl.dir\debug\url.obj
d:\c-all-projects\build\_deps\curl-build\lib\libcurl.dir\debug\mbedtls.obj
d:\c-all-projects\build\_deps\curl-build\lib\libcurl.dir\debug\curl_get_line.obj
d:\c-all-projects\build\_deps\curl-build\lib\libcurl.dir\debug\curl_ntlm_wb.obj
d:\c-all-projects\build\_deps\curl-build\lib\libcurl.dir\debug\hash.obj
d:\c-all-projects\build\_deps\curl-build\lib\libcurl.dir\debug\imap.obj
d:\c-all-projects\build\_deps\curl-build\lib\libcurl.dir\debug\pop3.obj
d:\c-all-projects\build\_deps\curl-build\lib\libcurl.dir\debug\speedcheck.obj
d:\c-all-projects\build\_deps\curl-build\lib\libcurl.dir\debug\gsasl.obj
d:\c-all-projects\build\_deps\curl-build\lib\libcurl.dir\debug\nss.obj
d:\c-all-projects\build\_deps\curl-build\lib\libcurl.dir\debug\conncache.obj
d:\c-all-projects\build\_deps\curl-build\lib\libcurl.dir\debug\easyoptions.obj
d:\c-all-projects\build\_deps\curl-build\lib\libcurl.dir\debug\http2.obj
d:\c-all-projects\build\_deps\curl-build\lib\libcurl.dir\debug\mime.obj
d:\c-all-projects\build\_deps\curl-build\lib\libcurl.dir\debug\smb.obj
d:\c-all-projects\build\_deps\curl-build\lib\libcurl.dir\debug\warnless.obj
d:\c-all-projects\build\_deps\curl-build\lib\libcurl.dir\debug\vauth.obj
d:\c-all-projects\build\_deps\curl-build\lib\libcurl.dir\debug\wolfssh.obj
d:\c-all-projects\build\_deps\curl-build\lib\libcurl.dir\debug\altsvc.obj
d:\c-all-projects\build\_deps\curl-build\lib\libcurl.dir\debug\escape.obj
d:\c-all-projects\build\_deps\curl-build\lib\libcurl.dir\debug\http_negotiate.obj
d:\c-all-projects\build\_deps\curl-build\lib\libcurl.dir\debug\multi.obj
d:\c-all-projects\build\_deps\curl-build\lib\libcurl.dir\debug\strerror.obj
d:\c-all-projects\build\_deps\curl-build\lib\libcurl.dir\debug\krb5_sspi.obj
d:\c-all-projects\build\_deps\curl-build\lib\libcurl.dir\debug\wolfssl.obj
d:\c-all-projects\build\_deps\curl-build\lib\libcurl.dir\debug\curl_memrchr.obj
d:\c-all-projects\build\_deps\curl-build\lib\libcurl.dir\debug\curl_ntlm_core.obj
d:\c-all-projects\build\_deps\curl-build\lib\libcurl.dir\debug\hsts.obj
d:\c-all-projects\build\_deps\curl-build\lib\libcurl.dir\debug\md4.obj
d:\c-all-projects\build\_deps\curl-build\lib\libcurl.dir\debug\sendf.obj
d:\c-all-projects\build\_deps\curl-build\lib\libcurl.dir\debug\timeval.obj
d:\c-all-projects\build\_deps\curl-build\lib\libcurl.dir\debug\spnego_sspi.obj
d:\c-all-projects\build\_deps\curl-build\lib\libcurl.dir\debug\libssh.obj
d:\c-all-projects\build\_deps\curl-build\lib\libcurl.dir\debug\bufref.obj
d:\c-all-projects\build\_deps\curl-build\lib\libcurl.dir\debug\easy.obj
d:\c-all-projects\build\_deps\curl-build\lib\libcurl.dir\debug\http_digest.obj
d:\c-all-projects\build\_deps\curl-build\lib\libcurl.dir\debug\mqtt.obj
d:\c-all-projects\build\_deps\curl-build\lib\libcurl.dir\debug\socketpair.obj
d:\c-all-projects\build\_deps\curl-build\lib\libcurl.dir\debug\version.obj
d:\c-all-projects\build\_deps\curl-build\lib\libcurl.dir\debug\mesalink.obj
d:\c-all-projects\build\_deps\curl-build\lib\libcurl.dir\debug\asyn-ares.obj
d:\c-all-projects\build\_deps\curl-build\lib\libcurl.dir\debug\curl_rtmp.obj
d:\c-all-projects\build\_deps\curl-build\lib\libcurl.dir\debug\getenv.obj
d:\c-all-projects\build\_deps\curl-build\lib\libcurl.dir\debug\inet_pton.obj
d:\c-all-projects\build\_deps\curl-build\lib\libcurl.dir\debug\progress.obj
d:\c-all-projects\build\_deps\curl-build\lib\libcurl.dir\debug\socks_sspi.obj
d:\c-all-projects\build\_deps\curl-build\lib\libcurl.dir\debug\oauth2.obj
d:\c-all-projects\build\_deps\curl-build\lib\libcurl.dir\debug\vtls.obj
d:\c-all-projects\build\_deps\curl-build\lib\libcurl.dir\debug\curl_fnmatch.obj
d:\c-all-projects\build\_deps\curl-build\lib\libcurl.dir\debug\curl_multibyte.obj
d:\c-all-projects\build\_deps\curl-build\lib\libcurl.dir\debug\hostasyn.obj
d:\c-all-projects\build\_deps\curl-build\lib\libcurl.dir\debug\ldap.obj
d:\c-all-projects\build\_deps\curl-build\lib\libcurl.dir\debug\select.obj
d:\c-all-projects\build\_deps\curl-build\lib\libcurl.dir\debug\system_win32.obj
d:\c-all-projects\build\_deps\curl-build\lib\libcurl.dir\debug\ntlm.obj
d:\c-all-projects\build\_deps\curl-build\lib\libcurl.dir\debug\schannel_verify.obj
d:\c-all-projects\build\_deps\curl-build\lib\libcurl.dir\debug\cookie.obj
d:\c-all-projects\build\_deps\curl-build\lib\libcurl.dir\debug\file.obj
d:\c-all-projects\build\_deps\curl-build\lib\libcurl.dir\debug\hostsyn.obj
d:\c-all-projects\build\_deps\curl-build\lib\libcurl.dir\debug\inet_ntop.obj
d:\c-all-projects\build\_deps\curl-build\lib\libcurl.dir\debug\psl.obj
d:\c-all-projects\build\_deps\curl-build\lib\libcurl.dir\debug\strtoofft.obj
d:\c-all-projects\build\_deps\curl-build\lib\libcurl.dir\debug\digest.obj
d:\c-all-projects\build\_deps\curl-build\lib\libcurl.dir\debug\schannel.obj
d:\c-all-projects\build\_deps\curl-build\lib\libcurl.dir\debug\curl_addrinfo.obj
d:\c-all-projects\build\_deps\curl-build\lib\libcurl.dir\debug\easygetopt.obj
d:\c-all-projects\build\_deps\curl-build\lib\libcurl.dir\debug\getinfo.obj
d:\c-all-projects\build\_deps\curl-build\lib\libcurl.dir\debug\memdebug.obj
d:\c-all-projects\build\_deps\curl-build\lib\libcurl.dir\debug\setopt.obj
d:\c-all-projects\build\_deps\curl-build\lib\libcurl.dir\debug\transfer.obj
d:\c-all-projects\build\_deps\curl-build\lib\libcurl.dir\debug\gtls.obj
d:\c-all-projects\build\_deps\curl-build\lib\libcurl.dir\debug\content_encoding.obj
d:\c-all-projects\build\_deps\curl-build\lib\libcurl.dir\debug\formdata.obj
d:\c-all-projects\build\_deps\curl-build\lib\libcurl.dir\debug\http_ntlm.obj
d:\c-all-projects\build\_deps\curl-build\lib\libcurl.dir\debug\netrc.obj
d:\c-all-projects\build\_deps\curl-build\lib\libcurl.dir\debug\slist.obj
d:\c-all-projects\build\_deps\curl-build\lib\libcurl.dir\debug\urlapi.obj
d:\c-all-projects\build\_deps\curl-build\lib\libcurl.dir\debug\keylog.obj
d:\c-all-projects\build\_deps\curl-build\lib\libcurl.dir\debug\curl_gethostname.obj
d:\c-all-projects\build\_deps\curl-build\lib\libcurl.dir\debug\curl_range.obj
d:\c-all-projects\build\_deps\curl-build\lib\libcurl.dir\debug\ftplistparser.obj
d:\c-all-projects\build\_deps\curl-build\lib\libcurl.dir\debug\http_aws_sigv4.obj
d:\c-all-projects\build\_deps\curl-build\lib\libcurl.dir\debug\rand.obj
d:\c-all-projects\build\_deps\curl-build\lib\libcurl.dir\debug\telnet.obj
d:\c-all-projects\build\_deps\curl-build\lib\libcurl.dir\debug\spnego_gssapi.obj
d:\c-all-projects\build\_deps\curl-build\lib\libcurl.dir\debug\quiche.obj
d:\c-all-projects\build\_deps\curl-build\lib\libcurl.dir\debug\base64.obj
d:\c-all-projects\build\_deps\curl-build\lib\libcurl.dir\debug\curl_sspi.obj
d:\c-all-projects\build\_deps\curl-build\lib\libcurl.dir\debug\hostip4.obj
d:\c-all-projects\build\_deps\curl-build\lib\libcurl.dir\debug\llist.obj
d:\c-all-projects\build\_deps\curl-build\lib\libcurl.dir\debug\rename.obj
d:\c-all-projects\build\_deps\curl-build\lib\libcurl.dir\debug\strdup.obj
d:\c-all-projects\build\_deps\curl-build\lib\libcurl.dir\debug\version_win32.obj
d:\c-all-projects\build\_deps\curl-build\lib\libcurl.dir\debug\bearssl.obj
d:\c-all-projects\build\_deps\curl-build\lib\libcurl.dir\debug\curl_ctype.obj
d:\c-all-projects\build\_deps\curl-build\lib\libcurl.dir\debug\curl_path.obj
d:\c-all-projects\build\_deps\curl-build\lib\libcurl.dir\debug\ftp.obj
d:\c-all-projects\build\_deps\curl-build\lib\libcurl.dir\debug\http_proxy.obj
d:\c-all-projects\build\_deps\curl-build\lib\libcurl.dir\debug\pingpong.obj
d:\c-all-projects\build\_deps\curl-build\lib\libcurl.dir\debug\strcase.obj
d:\c-all-projects\build\_deps\curl-build\lib\libcurl.dir\debug\digest_sspi.obj
d:\c-all-projects\build\_deps\curl-build\lib\libcurl.dir\debug\sectransp.obj
d:\c-all-projects\build\_deps\curl-build\lib\libcurl.dir\debug\vc143.pdb
d:\c-all-projects\build\_deps\curl-build\lib\cmakefiles\generate.stamp
d:\c-all-projects\build\_deps\curl-build\lib\libcurl.dir\debug\libcurl-d.ilk
d:\c-all-projects\build\debug\libcurl-d.dll
d:\c-all-projects\build\debug\libcurl-d.pdb
d:\c-all-projects\build\_deps\curl-build\lib\debug\libcurl-d_imp.lib
d:\c-all-projects\build\_deps\curl-build\lib\debug\libcurl-d_imp.exp
d:\c-all-projects\build\_deps\curl-build\lib\libcurl.dir\debug\libcurl.res
d:\c-all-projects\build\_deps\curl-build\lib\libcurl.dir\debug\libcurl.tlog\cl.14408.write.1.tlog
d:\c-all-projects\build\_deps\curl-build\lib\libcurl.dir\debug\libcurl.tlog\cl.command.1.tlog
d:\c-all-projects\build\_deps\curl-build\lib\libcurl.dir\debug\libcurl.tlog\cl.items.tlog
d:\c-all-projects\build\_deps\curl-build\lib\libcurl.dir\debug\libcurl.tlog\cl.read.1.tlog
d:\c-all-projects\build\_deps\curl-build\lib\libcurl.dir\debug\libcurl.tlog\custombuild.command.1.tlog
d:\c-all-projects\build\_deps\curl-build\lib\libcurl.dir\debug\libcurl.tlog\custombuild.read.1.tlog
d:\c-all-projects\build\_deps\curl-build\lib\libcurl.dir\debug\libcurl.tlog\custombuild.write.1.tlog
d:\c-all-projects\build\_deps\curl-build\lib\libcurl.dir\debug\libcurl.tlog\link.command.1.tlog
d:\c-all-projects\build\_deps\curl-build\lib\libcurl.dir\debug\libcurl.tlog\link.read.1.tlog
d:\c-all-projects\build\_deps\curl-build\lib\libcurl.dir\debug\libcurl.tlog\link.write.1.tlog
d:\c-all-projects\build\_deps\curl-build\lib\libcurl.dir\debug\libcurl.tlog\link.write.2u.tlog
d:\c-all-projects\build\_deps\curl-build\lib\libcurl.dir\debug\libcurl.tlog\rc.command.1.tlog
d:\c-all-projects\build\_deps\curl-build\lib\libcurl.dir\debug\libcurl.tlog\rc.read.1.tlog
d:\c-all-projects\build\_deps\curl-build\lib\libcurl.dir\debug\libcurl.tlog\rc.write.1.tlog
