d:\c-all-projects\build\_deps\zlib-build\zlib.dir\debug\vc143.pdb
d:\c-all-projects\build\_deps\zlib-build\zlib.dir\debug\zutil.obj
d:\c-all-projects\build\_deps\zlib-build\zlib.dir\debug\uncompr.obj
d:\c-all-projects\build\_deps\zlib-build\zlib.dir\debug\trees.obj
d:\c-all-projects\build\_deps\zlib-build\zlib.dir\debug\insert_string.obj
d:\c-all-projects\build\_deps\zlib-build\zlib.dir\debug\inftrees.obj
d:\c-all-projects\build\_deps\zlib-build\zlib.dir\debug\inflate.obj
d:\c-all-projects\build\_deps\zlib-build\zlib.dir\debug\inffast.obj
d:\c-all-projects\build\_deps\zlib-build\zlib.dir\debug\infback.obj
d:\c-all-projects\build\_deps\zlib-build\zlib.dir\debug\functable.obj
d:\c-all-projects\build\_deps\zlib-build\zlib.dir\debug\deflate_slow.obj
d:\c-all-projects\build\_deps\zlib-build\zlib.dir\debug\deflate_quick.obj
d:\c-all-projects\build\_deps\zlib-build\zlib.dir\debug\deflate_medium.obj
d:\c-all-projects\build\_deps\zlib-build\zlib.dir\debug\deflate_fast.obj
d:\c-all-projects\build\_deps\zlib-build\zlib.dir\debug\deflate.obj
d:\c-all-projects\build\_deps\zlib-build\zlib.dir\debug\crc32_comb.obj
d:\c-all-projects\build\_deps\zlib-build\zlib.dir\debug\crc32.obj
d:\c-all-projects\build\_deps\zlib-build\zlib.dir\debug\compress.obj
d:\c-all-projects\build\_deps\zlib-build\zlib.dir\debug\compare258.obj
d:\c-all-projects\build\_deps\zlib-build\zlib.dir\debug\chunkset.obj
d:\c-all-projects\build\_deps\zlib-build\zlib.dir\debug\adler32.obj
d:\c-all-projects\build\_deps\zlib-build\zlib.dir\debug\gzwrite.obj
d:\c-all-projects\build\_deps\zlib-build\zlib.dir\debug\gzread.obj
d:\c-all-projects\build\_deps\zlib-build\zlib.dir\debug\gzlib.obj
d:\c-all-projects\build\_deps\zlib-build\zlib.dir\debug\crc_folding.obj
d:\c-all-projects\build\_deps\zlib-build\zlib.dir\debug\adler32_ssse3.obj
d:\c-all-projects\build\_deps\zlib-build\zlib.dir\debug\slide_sse.obj
d:\c-all-projects\build\_deps\zlib-build\zlib.dir\debug\chunkset_sse.obj
d:\c-all-projects\build\_deps\zlib-build\zlib.dir\debug\compare258_sse.obj
d:\c-all-projects\build\_deps\zlib-build\zlib.dir\debug\insert_string_sse.obj
d:\c-all-projects\build\_deps\zlib-build\zlib.dir\debug\adler32_avx.obj
d:\c-all-projects\build\_deps\zlib-build\zlib.dir\debug\compare258_avx.obj
d:\c-all-projects\build\_deps\zlib-build\zlib.dir\debug\chunkset_avx.obj
d:\c-all-projects\build\_deps\zlib-build\zlib.dir\debug\slide_avx.obj
d:\c-all-projects\build\_deps\zlib-build\zlib.dir\debug\x86.obj
d:\c-all-projects\build\_deps\zlib-build\cmakefiles\generate.stamp
d:\c-all-projects\build\_deps\zlib-build\zlib.dir\debug\zlib.ilk
d:\c-all-projects\build\debug\zlib.dll
d:\c-all-projects\build\debug\zlib.pdb
d:\c-all-projects\build\_deps\zlib-build\debug\zlib.lib
d:\c-all-projects\build\_deps\zlib-build\debug\zlib.exp
d:\c-all-projects\build\_deps\zlib-build\zlib.dir\debug\zlib1.res
d:\c-all-projects\build\_deps\zlib-build\zlib.dir\debug\zlib.tlog\cl.command.1.tlog
d:\c-all-projects\build\_deps\zlib-build\zlib.dir\debug\zlib.tlog\cl.items.tlog
d:\c-all-projects\build\_deps\zlib-build\zlib.dir\debug\zlib.tlog\cl.read.1.tlog
d:\c-all-projects\build\_deps\zlib-build\zlib.dir\debug\zlib.tlog\cl.write.1.tlog
d:\c-all-projects\build\_deps\zlib-build\zlib.dir\debug\zlib.tlog\custombuild.command.1.tlog
d:\c-all-projects\build\_deps\zlib-build\zlib.dir\debug\zlib.tlog\custombuild.read.1.tlog
d:\c-all-projects\build\_deps\zlib-build\zlib.dir\debug\zlib.tlog\custombuild.write.1.tlog
d:\c-all-projects\build\_deps\zlib-build\zlib.dir\debug\zlib.tlog\link.command.1.tlog
d:\c-all-projects\build\_deps\zlib-build\zlib.dir\debug\zlib.tlog\link.read.1.tlog
d:\c-all-projects\build\_deps\zlib-build\zlib.dir\debug\zlib.tlog\link.write.1.tlog
d:\c-all-projects\build\_deps\zlib-build\zlib.dir\debug\zlib.tlog\link.write.2u.tlog
d:\c-all-projects\build\_deps\zlib-build\zlib.dir\debug\zlib.tlog\rc.command.1.tlog
d:\c-all-projects\build\_deps\zlib-build\zlib.dir\debug\zlib.tlog\rc.read.1.tlog
d:\c-all-projects\build\_deps\zlib-build\zlib.dir\debug\zlib.tlog\rc.write.1.tlog
